*** EVALUATION ***
PROGRAM "hal.abs"

*********************************************************************************************
TARGET SECTION
---------------------------------------------------------------------------------------------
Processor   : Freescale HC08
Memory Model: SMALL
File Format : ELF\DWARF 2.0
Linker      : SmartLinker V-5.0.51 Build 14019, Jan 20 2014

*********************************************************************************************
FILE SECTION
---------------------------------------------------------------------------------------------
display_test_c.obj                      Model: SMALL,         Lang: ANSI-C
display_c.obj                           Model: SMALL,         Lang: ANSI-C
main_c.obj                              Model: SMALL,         Lang: ANSI-C
timer_c.obj                             Model: SMALL,         Lang: ANSI-C
io_c.obj                                Model: SMALL,         Lang: ANSI-C
kbi_c.obj                               Model: SMALL,         Lang: ANSI-C
pwm_c.obj                               Model: SMALL,         Lang: ANSI-C
start08_c.obj                           Model: SMALL,         Lang: ANSI-C
mc9s08qg8_c.obj                         Model: SMALL,         Lang: ANSI-C
rtshc08.o (ansiis.lib)                  Model: SMALL,         Lang: ANSI-C

*********************************************************************************************
STARTUP SECTION
---------------------------------------------------------------------------------------------
Entry point: 0xE07B (_Startup)
_startupData is allocated at 0xE084 and uses 6 Bytes
extern struct _tagStartup {
  unsigned nofZeroOut     1
  _Range   pZeroOut       0x100     18
  _Copy    *toCopyDownBeg 0xEA1D
} _startupData;

*********************************************************************************************
SECTION-ALLOCATION SECTION
Section Name                    Size  Type     From       To       Segment
---------------------------------------------------------------------------------------------
.init                            132     R     0xE000     0xE083   ROM
.startData                        14     R     0xE084     0xE091   ROM
.rodata1                          51     R     0xE092     0xE0C4   ROM
.text                           2392     R     0xE0C5     0xEA1C   ROM
.copy                              2     R     0xEA1D     0xEA1E   ROM
.abs_section_ffda                  2     R     0xFFDA     0xFFDB   .absSeg0
.abs_section_fff0                  2     R     0xFFF0     0xFFF1   .absSeg1
.abs_section_0                     1   N/I        0x0        0x0   .absSeg2
.abs_section_1                     1   N/I        0x1        0x1   .absSeg3
.abs_section_2                     1   N/I        0x2        0x2   .absSeg4
.abs_section_3                     1   N/I        0x3        0x3   .absSeg5
.abs_section_c                     1   N/I        0xC        0xC   .absSeg6
.abs_section_d                     1   N/I        0xD        0xD   .absSeg7
.abs_section_e                     1   N/I        0xE        0xE   .absSeg8
.abs_section_f                     1   N/I        0xF        0xF   .absSeg9
.abs_section_10                    1   N/I       0x10       0x10   .absSeg10
.abs_section_11                    1   N/I       0x11       0x11   .absSeg11
.abs_section_16                    1   N/I       0x16       0x16   .absSeg12
.abs_section_17                    1   N/I       0x17       0x17   .absSeg13
.abs_section_1a                    1   N/I       0x1A       0x1A   .absSeg14
.abs_section_22                    1   N/I       0x22       0x22   .absSeg15
.abs_section_23                    1   N/I       0x23       0x23   .absSeg16
.abs_section_24                    1   N/I       0x24       0x24   .absSeg17
.abs_section_25                    1   N/I       0x25       0x25   .absSeg18
.abs_section_26                    1   N/I       0x26       0x26   .absSeg19
.abs_section_27                    1   N/I       0x27       0x27   .absSeg20
.abs_section_28                    1   N/I       0x28       0x28   .absSeg21
.abs_section_29                    1   N/I       0x29       0x29   .absSeg22
.abs_section_2a                    1   N/I       0x2A       0x2A   .absSeg23
.abs_section_2b                    1   N/I       0x2B       0x2B   .absSeg24
.abs_section_2d                    1   N/I       0x2D       0x2D   .absSeg25
.abs_section_30                    1   N/I       0x30       0x30   .absSeg26
.abs_section_31                    1   N/I       0x31       0x31   .absSeg27
.abs_section_32                    1   N/I       0x32       0x32   .absSeg28
.abs_section_33                    1   N/I       0x33       0x33   .absSeg29
.abs_section_34                    1   N/I       0x34       0x34   .absSeg30
.abs_section_38                    1   N/I       0x38       0x38   .absSeg31
.abs_section_39                    1   N/I       0x39       0x39   .absSeg32
.abs_section_3a                    1   N/I       0x3A       0x3A   .absSeg33
.abs_section_3b                    1   N/I       0x3B       0x3B   .absSeg34
.abs_section_3c                    1   N/I       0x3C       0x3C   .absSeg35
.abs_section_3d                    1   N/I       0x3D       0x3D   .absSeg36
.abs_section_3e                    1   N/I       0x3E       0x3E   .absSeg37
.abs_section_3f                    1   N/I       0x3F       0x3F   .absSeg38
.abs_section_40                    1   N/I       0x40       0x40   .absSeg39
.abs_section_45                    1   N/I       0x45       0x45   .absSeg40
.abs_section_48                    1   N/I       0x48       0x48   .absSeg41
.abs_section_1800                  1   N/I     0x1800     0x1800   .absSeg42
.abs_section_1801                  1   N/I     0x1801     0x1801   .absSeg43
.abs_section_1802                  1   N/I     0x1802     0x1802   .absSeg44
.abs_section_1803                  1   N/I     0x1803     0x1803   .absSeg45
.abs_section_1808                  1   N/I     0x1808     0x1808   .absSeg46
.abs_section_1809                  1   N/I     0x1809     0x1809   .absSeg47
.abs_section_180a                  1   N/I     0x180A     0x180A   .absSeg48
.abs_section_180c                  1   N/I     0x180C     0x180C   .absSeg49
.abs_section_1816                  1   N/I     0x1816     0x1816   .absSeg50
.abs_section_1817                  1   N/I     0x1817     0x1817   .absSeg51
.abs_section_1818                  1   N/I     0x1818     0x1818   .absSeg52
.abs_section_1820                  1   N/I     0x1820     0x1820   .absSeg53
.abs_section_1821                  1   N/I     0x1821     0x1821   .absSeg54
.abs_section_1823                  1   N/I     0x1823     0x1823   .absSeg55
.abs_section_1824                  1   N/I     0x1824     0x1824   .absSeg56
.abs_section_1825                  1   N/I     0x1825     0x1825   .absSeg57
.abs_section_1826                  1   N/I     0x1826     0x1826   .absSeg58
.abs_section_1840                  1   N/I     0x1840     0x1840   .absSeg59
.abs_section_1841                  1   N/I     0x1841     0x1841   .absSeg60
.abs_section_1842                  1   N/I     0x1842     0x1842   .absSeg61
.abs_section_1844                  1   N/I     0x1844     0x1844   .absSeg62
.abs_section_1845                  1   N/I     0x1845     0x1845   .absSeg63
.abs_section_1846                  1   N/I     0x1846     0x1846   .absSeg64
.abs_section_12                    2   N/I       0x12       0x13   .absSeg65
.abs_section_14                    2   N/I       0x14       0x15   .absSeg66
.abs_section_20                    2   N/I       0x20       0x21   .absSeg67
.abs_section_41                    2   N/I       0x41       0x42   .absSeg68
.abs_section_43                    2   N/I       0x43       0x44   .absSeg69
.abs_section_46                    2   N/I       0x46       0x47   .absSeg70
.abs_section_49                    2   N/I       0x49       0x4A   .absSeg71
.abs_section_1806                  2   N/I     0x1806     0x1807   .absSeg72
.abs_section_1810                  2   N/I     0x1810     0x1811   .absSeg73
.abs_section_1812                  2   N/I     0x1812     0x1813   .absSeg74
.abs_section_1814                  2   N/I     0x1814     0x1815   .absSeg75
.bss                              18   R/W      0x100      0x111   RAM
.stack                            64   R/W      0x112      0x151   RAM
.vectSeg76_vect                    2     R     0xFFFE     0xFFFF   .vectSeg76

Summary of section sizes per section type:
READ_ONLY (R):         A25 (dec:     2597)
READ_WRITE (R/W):       52 (dec:       82)
NO_INIT (N/I):          55 (dec:       85)

*********************************************************************************************
VECTOR-ALLOCATION SECTION
    Address     InitValue   InitFunction
---------------------------------------------------------------------------------------------
     0xFFFE        0xE07B   _Startup

*********************************************************************************************
OBJECT-ALLOCATION SECTION
     Name               Module                 Addr   hSize   dSize     Ref    Section   RLIB
---------------------------------------------------------------------------------------------
MODULE:                 -- display_test_c.obj --
- PROCEDURES:
     test_display_hello_init                   E0C5      3D      61       1   .text       
     test_display_hello_run                    E102      3B      59       1   .text       
- VARIABLES:
     STRING.Display.test..pohodl.1             E092      33      51       1   .rodata1    
     cntr.2                                     100       2       2       3   .bss        
MODULE:                 -- display_c.obj --
- PROCEDURES:
     displayBackLightOn                        E13D      10      16       1   .text       
     displayPrepareBusForWrite                 E14D      5C      92       7   .text       
     displayToggleEnable                       E1A9      1E      30      14   .text       
     displayClear                              E1C7      11      17       2   .text       
     displayOnOffControl                       E1D8      3A      58       2   .text       
     displayOrCursorShift                      E212      2E      46       1   .text       
     displayFunctionSet                        E240      19      25       1   .text       
     displayEntryModeSet                       E259      2F      47       1   .text       
     displayWriteDataRam                       E288      36      54       1   .text       
     displayReadBusyAndAddress                 E2BE      C2     194       1   .text       
     displayWaitTillNotBusy                    E380      1D      29       9   .text       
     displayWrite                              E39D      1D      29       1   .text       
     displayFirstStart                         E3BA      8B     139       1   .text       
     displayInit                               E445      4F      79       1   .text       
- VARIABLES:
     bDataBusConfiguredAsOutput                 102       2       2       5   .bss        
MODULE:                 -- main_c.obj --
- PROCEDURES:
     main                                      E494       C      12       1   .text       
- VARIABLES:
MODULE:                 -- timer_c.obj --
- PROCEDURES:
     wait500ns                                 E4A0       3       3       5   .text       
     waitX100us                                E4A3      76     118       4   .text       
     timerIsrCallback                          E519      2F      47       1   .text       
     timerInit                                 E548      3C      60       1   .text       
- VARIABLES:
     timer                                      104       6       6      10   .bss        
MODULE:                 -- io_c.obj --
- PROCEDURES:
     boolToByte                                E584       A      10       2   .text       
     ioConfigure                               E58E     1C0     448      20   .text       
     ioConfigurePortB                          E74E      18      24       1   .text       
     ioWrite                                   E766      CA     202      26   .text       
     ioWritePortB                              E830       3       3       2   .text       
     ioRead                                    E833      AD     173       1   .text       
     ioReadPortB                               E8E0       3       3       4   .text       
- VARIABLES:
MODULE:                 -- kbi_c.obj --
- PROCEDURES:
     isr_keyboardInterrupt                     E8E3       E      14       1   .text       
- VARIABLES:
     bIsrClbckInstalled                         10A       2       2       1   .bss        
     pIsrClbck                                  10C       2       2       1   .bss        
     _Vector_18                                FFDA       2       2       0   .abs_section_ffda
MODULE:                 -- pwm_c.obj --
- PROCEDURES:
     pwmConfigureTimer                         E8F1      26      38       1   .text       
     pwmConfigureChannel                       E917       E      14       1   .text       
     pwmReadTimer                              E925       3       3       2   .text       
     pwmReadModulo                             E928       3       3       1   .text       
     pwmWriteModulo                            E92B       3       3       1   .text       
     pwmWriteChannel                           E92E       3       3       1   .text       
     pwmInstallTimerIsrCallback                E931       F      15       1   .text       
     isr_timerOverflow                         E940      10      16       1   .text       
- VARIABLES:
     bIsrClbckInstalled                         10E       2       2       2   .bss        
     pIsrClbck                                  110       2       2       2   .bss        
     _Vector_7                                 FFF0       2       2       0   .abs_section_fff0
MODULE:                 -- start08_c.obj --
- PROCEDURES:
     loadByte                                  E000       E      14       5   .init       
     Init                                      E00E      6D     109       1   .init       
     _Startup                                  E07B       9       9       0   .init       
- VARIABLES:
     _startupData                              E084       6       6       4   .startData  
- LABELS:
     __SEG_END_SSTACK                           152       0       0       1               
MODULE:                 -- mc9s08qg8_c.obj --
- PROCEDURES:
- VARIABLES:
     _PTAD                                        0       1       1       9   .abs_section_0
     _PTADD                                       1       1       1       6   .abs_section_1
     _PTBD                                        2       1       1      26   .abs_section_2
     _PTBDD                                       3       1       1      18   .abs_section_3
     _KBISC                                       C       1       1       1   .abs_section_c
     _KBIPE                                       D       1       1       0   .abs_section_d
     _KBIES                                       E       1       1       0   .abs_section_e
     _IRQSC                                       F       1       1       0   .abs_section_f
     _ADCSC1                                     10       1       1       0   .abs_section_10
     _ADCSC2                                     11       1       1       0   .abs_section_11
     _ADCCFG                                     16       1       1       0   .abs_section_16
     _APCTL1                                     17       1       1       0   .abs_section_17
     _ACMPSC                                     1A       1       1       0   .abs_section_1a
     _SCIC1                                      22       1       1       0   .abs_section_22
     _SCIC2                                      23       1       1       0   .abs_section_23
     _SCIS1                                      24       1       1       0   .abs_section_24
     _SCIS2                                      25       1       1       0   .abs_section_25
     _SCIC3                                      26       1       1       0   .abs_section_26
     _SCID                                       27       1       1       0   .abs_section_27
     _SPIC1                                      28       1       1       0   .abs_section_28
     _SPIC2                                      29       1       1       0   .abs_section_29
     _SPIBR                                      2A       1       1       0   .abs_section_2a
     _SPIS                                       2B       1       1       0   .abs_section_2b
     _SPID                                       2D       1       1       0   .abs_section_2d
     _IICA                                       30       1       1       0   .abs_section_30
     _IICF                                       31       1       1       0   .abs_section_31
     _IICC                                       32       1       1       0   .abs_section_32
     _IICS                                       33       1       1       0   .abs_section_33
     _IICD                                       34       1       1       0   .abs_section_34
     _ICSC1                                      38       1       1       0   .abs_section_38
     _ICSC2                                      39       1       1       0   .abs_section_39
     _ICSTRM                                     3A       1       1       0   .abs_section_3a
     _ICSSC                                      3B       1       1       0   .abs_section_3b
     _MTIMSC                                     3C       1       1       0   .abs_section_3c
     _MTIMCLK                                    3D       1       1       0   .abs_section_3d
     _MTIMCNT                                    3E       1       1       0   .abs_section_3e
     _MTIMMOD                                    3F       1       1       0   .abs_section_3f
     _TPMSC                                      40       1       1      11   .abs_section_40
     _TPMC0SC                                    45       1       1       2   .abs_section_45
     _TPMC1SC                                    48       1       1       0   .abs_section_48
     _SRS                                      1800       1       1       1   .abs_section_1800
     _SBDFR                                    1801       1       1       0   .abs_section_1801
     _SOPT1                                    1802       1       1       0   .abs_section_1802
     _SOPT2                                    1803       1       1       0   .abs_section_1803
     _SRTISC                                   1808       1       1       0   .abs_section_1808
     _SPMSC1                                   1809       1       1       0   .abs_section_1809
     _SPMSC2                                   180A       1       1       0   .abs_section_180a
     _SPMSC3                                   180C       1       1       0   .abs_section_180c
     _DBGC                                     1816       1       1       0   .abs_section_1816
     _DBGT                                     1817       1       1       0   .abs_section_1817
     _DBGS                                     1818       1       1       0   .abs_section_1818
     _FCDIV                                    1820       1       1       0   .abs_section_1820
     _FOPT                                     1821       1       1       0   .abs_section_1821
     _FCNFG                                    1823       1       1       0   .abs_section_1823
     _FPROT                                    1824       1       1       0   .abs_section_1824
     _FSTAT                                    1825       1       1       0   .abs_section_1825
     _FCMD                                     1826       1       1       0   .abs_section_1826
     _PTAPE                                    1840       1       1       6   .abs_section_1840
     _PTASE                                    1841       1       1       0   .abs_section_1841
     _PTADS                                    1842       1       1       0   .abs_section_1842
     _PTBPE                                    1844       1       1      18   .abs_section_1844
     _PTBSE                                    1845       1       1       0   .abs_section_1845
     _PTBDS                                    1846       1       1       0   .abs_section_1846
     _ADCR                                       12       2       2       0   .abs_section_12
     _ADCCV                                      14       2       2       0   .abs_section_14
     _SCIBD                                      20       2       2       0   .abs_section_20
     _TPMCNT                                     41       2       2       1   .abs_section_41
     _TPMMOD                                     43       2       2       2   .abs_section_43
     _TPMC0V                                     46       2       2       1   .abs_section_46
     _TPMC1V                                     49       2       2       0   .abs_section_49
     _SDID                                     1806       2       2       0   .abs_section_1806
     _DBGCA                                    1810       2       2       0   .abs_section_1810
     _DBGCB                                    1812       2       2       0   .abs_section_1812
     _DBGF                                     1814       2       2       0   .abs_section_1814
MODULE:                 -- rtshc08.o (ansiis.lib) --
- PROCEDURES:
     _IDIVMOD                                  E950      69     105       1   .text       
     _IMUL_STAR08                              E9B9      27      39       1   .text       
     _IDIVU_STAR08                             E9E0       D      13       1   .text       
     _COPY                                     E9ED      30      48       3   .text       
- VARIABLES:

*********************************************************************************************
MODULE STATISTIC
  Name                                      Data   Code  Const
---------------------------------------------------------------------------------------------
  display_test_c.obj                           2    120     51
  display_c.obj                                2    855      0
  main_c.obj                                   0     12      0
  timer_c.obj                                  6    228      0
  io_c.obj                                     0    863      0
  kbi_c.obj                                    4     14      2
  pwm_c.obj                                    4     95      2
  start08_c.obj                                0    132      0
  mc9s08qg8_c.obj                             85      0      0
  rtshc08.o (ansiis.lib)                       0    205      0
  other                                       64     16      2

*********************************************************************************************
SECTION USE IN OBJECT-ALLOCATION SECTION
---------------------------------------------------------------------------------------------
SECTION: ".text"
  test_display_hello_init test_display_hello_run displayBackLightOn 
  displayPrepareBusForWrite displayToggleEnable displayClear 
  displayOnOffControl displayOrCursorShift displayFunctionSet 
  displayEntryModeSet displayWriteDataRam displayReadBusyAndAddress 
  displayWaitTillNotBusy displayWrite displayFirstStart displayInit main 
  wait500ns waitX100us timerIsrCallback timerInit boolToByte ioConfigure 
  ioConfigurePortB ioWrite ioWritePortB ioRead ioReadPortB 
  isr_keyboardInterrupt pwmConfigureTimer pwmConfigureChannel pwmReadTimer 
  pwmReadModulo pwmWriteModulo pwmWriteChannel pwmInstallTimerIsrCallback 
  isr_timerOverflow _IDIVMOD _IMUL_STAR08 _IDIVU_STAR08 _COPY 
SECTION: ".bss"
  cntr.2 bDataBusConfiguredAsOutput timer bIsrClbckInstalled pIsrClbck 
  bIsrClbckInstalled pIsrClbck 
SECTION: ".init"
  loadByte Init _Startup 
SECTION: ".rodata1"
  STRING.Display.test..pohodl.1 
SECTION: ".abs_section_ffda"
  _Vector_18 
SECTION: ".abs_section_fff0"
  _Vector_7 
SECTION: ".abs_section_0"
  _PTAD 
SECTION: ".abs_section_1"
  _PTADD 
SECTION: ".abs_section_2"
  _PTBD 
SECTION: ".abs_section_3"
  _PTBDD 
SECTION: ".abs_section_c"
  _KBISC 
SECTION: ".abs_section_d"
  _KBIPE 
SECTION: ".abs_section_e"
  _KBIES 
SECTION: ".abs_section_f"
  _IRQSC 
SECTION: ".abs_section_10"
  _ADCSC1 
SECTION: ".abs_section_11"
  _ADCSC2 
SECTION: ".abs_section_16"
  _ADCCFG 
SECTION: ".abs_section_17"
  _APCTL1 
SECTION: ".abs_section_1a"
  _ACMPSC 
SECTION: ".abs_section_22"
  _SCIC1 
SECTION: ".abs_section_23"
  _SCIC2 
SECTION: ".abs_section_24"
  _SCIS1 
SECTION: ".abs_section_25"
  _SCIS2 
SECTION: ".abs_section_26"
  _SCIC3 
SECTION: ".abs_section_27"
  _SCID 
SECTION: ".abs_section_28"
  _SPIC1 
SECTION: ".abs_section_29"
  _SPIC2 
SECTION: ".abs_section_2a"
  _SPIBR 
SECTION: ".abs_section_2b"
  _SPIS 
SECTION: ".abs_section_2d"
  _SPID 
SECTION: ".abs_section_30"
  _IICA 
SECTION: ".abs_section_31"
  _IICF 
SECTION: ".abs_section_32"
  _IICC 
SECTION: ".abs_section_33"
  _IICS 
SECTION: ".abs_section_34"
  _IICD 
SECTION: ".abs_section_38"
  _ICSC1 
SECTION: ".abs_section_39"
  _ICSC2 
SECTION: ".abs_section_3a"
  _ICSTRM 
SECTION: ".abs_section_3b"
  _ICSSC 
SECTION: ".abs_section_3c"
  _MTIMSC 
SECTION: ".abs_section_3d"
  _MTIMCLK 
SECTION: ".abs_section_3e"
  _MTIMCNT 
SECTION: ".abs_section_3f"
  _MTIMMOD 
SECTION: ".abs_section_40"
  _TPMSC 
SECTION: ".abs_section_45"
  _TPMC0SC 
SECTION: ".abs_section_48"
  _TPMC1SC 
SECTION: ".abs_section_1800"
  _SRS 
SECTION: ".abs_section_1801"
  _SBDFR 
SECTION: ".abs_section_1802"
  _SOPT1 
SECTION: ".abs_section_1803"
  _SOPT2 
SECTION: ".abs_section_1808"
  _SRTISC 
SECTION: ".abs_section_1809"
  _SPMSC1 
SECTION: ".abs_section_180a"
  _SPMSC2 
SECTION: ".abs_section_180c"
  _SPMSC3 
SECTION: ".abs_section_1816"
  _DBGC 
SECTION: ".abs_section_1817"
  _DBGT 
SECTION: ".abs_section_1818"
  _DBGS 
SECTION: ".abs_section_1820"
  _FCDIV 
SECTION: ".abs_section_1821"
  _FOPT 
SECTION: ".abs_section_1823"
  _FCNFG 
SECTION: ".abs_section_1824"
  _FPROT 
SECTION: ".abs_section_1825"
  _FSTAT 
SECTION: ".abs_section_1826"
  _FCMD 
SECTION: ".abs_section_1840"
  _PTAPE 
SECTION: ".abs_section_1841"
  _PTASE 
SECTION: ".abs_section_1842"
  _PTADS 
SECTION: ".abs_section_1844"
  _PTBPE 
SECTION: ".abs_section_1845"
  _PTBSE 
SECTION: ".abs_section_1846"
  _PTBDS 
SECTION: ".abs_section_12"
  _ADCR 
SECTION: ".abs_section_14"
  _ADCCV 
SECTION: ".abs_section_20"
  _SCIBD 
SECTION: ".abs_section_41"
  _TPMCNT 
SECTION: ".abs_section_43"
  _TPMMOD 
SECTION: ".abs_section_46"
  _TPMC0V 
SECTION: ".abs_section_49"
  _TPMC1V 
SECTION: ".abs_section_1806"
  _SDID 
SECTION: ".abs_section_1810"
  _DBGCA 
SECTION: ".abs_section_1812"
  _DBGCB 
SECTION: ".abs_section_1814"
  _DBGF 

*********************************************************************************************
OBJECT LIST SORTED BY ADDRESS
     Name                                      Addr   hSize   dSize     Ref    Section   RLIB
---------------------------------------------------------------------------------------------
     _PTAD                                        0       1       1       9   .abs_section_0
     _PTADD                                       1       1       1       6   .abs_section_1
     _PTBD                                        2       1       1      26   .abs_section_2
     _PTBDD                                       3       1       1      18   .abs_section_3
     _KBISC                                       C       1       1       1   .abs_section_c
     _KBIPE                                       D       1       1       0   .abs_section_d
     _KBIES                                       E       1       1       0   .abs_section_e
     _IRQSC                                       F       1       1       0   .abs_section_f
     _ADCSC1                                     10       1       1       0   .abs_section_10
     _ADCSC2                                     11       1       1       0   .abs_section_11
     _ADCR                                       12       2       2       0   .abs_section_12
     _ADCCV                                      14       2       2       0   .abs_section_14
     _ADCCFG                                     16       1       1       0   .abs_section_16
     _APCTL1                                     17       1       1       0   .abs_section_17
     _ACMPSC                                     1A       1       1       0   .abs_section_1a
     _SCIBD                                      20       2       2       0   .abs_section_20
     _SCIC1                                      22       1       1       0   .abs_section_22
     _SCIC2                                      23       1       1       0   .abs_section_23
     _SCIS1                                      24       1       1       0   .abs_section_24
     _SCIS2                                      25       1       1       0   .abs_section_25
     _SCIC3                                      26       1       1       0   .abs_section_26
     _SCID                                       27       1       1       0   .abs_section_27
     _SPIC1                                      28       1       1       0   .abs_section_28
     _SPIC2                                      29       1       1       0   .abs_section_29
     _SPIBR                                      2A       1       1       0   .abs_section_2a
     _SPIS                                       2B       1       1       0   .abs_section_2b
     _SPID                                       2D       1       1       0   .abs_section_2d
     _IICA                                       30       1       1       0   .abs_section_30
     _IICF                                       31       1       1       0   .abs_section_31
     _IICC                                       32       1       1       0   .abs_section_32
     _IICS                                       33       1       1       0   .abs_section_33
     _IICD                                       34       1       1       0   .abs_section_34
     _ICSC1                                      38       1       1       0   .abs_section_38
     _ICSC2                                      39       1       1       0   .abs_section_39
     _ICSTRM                                     3A       1       1       0   .abs_section_3a
     _ICSSC                                      3B       1       1       0   .abs_section_3b
     _MTIMSC                                     3C       1       1       0   .abs_section_3c
     _MTIMCLK                                    3D       1       1       0   .abs_section_3d
     _MTIMCNT                                    3E       1       1       0   .abs_section_3e
     _MTIMMOD                                    3F       1       1       0   .abs_section_3f
     _TPMSC                                      40       1       1      11   .abs_section_40
     _TPMCNT                                     41       2       2       1   .abs_section_41
     _TPMMOD                                     43       2       2       2   .abs_section_43
     _TPMC0SC                                    45       1       1       2   .abs_section_45
     _TPMC0V                                     46       2       2       1   .abs_section_46
     _TPMC1SC                                    48       1       1       0   .abs_section_48
     _TPMC1V                                     49       2       2       0   .abs_section_49
     cntr.2                                     100       2       2       3   .bss        
     bDataBusConfiguredAsOutput                 102       2       2       5   .bss        
     timer                                      104       6       6      10   .bss        
     bIsrClbckInstalled                         10A       2       2       1   .bss        
     pIsrClbck                                  10C       2       2       1   .bss        
     bIsrClbckInstalled                         10E       2       2       2   .bss        
     pIsrClbck                                  110       2       2       2   .bss        
     _SRS                                      1800       1       1       1   .abs_section_1800
     _SBDFR                                    1801       1       1       0   .abs_section_1801
     _SOPT1                                    1802       1       1       0   .abs_section_1802
     _SOPT2                                    1803       1       1       0   .abs_section_1803
     _SDID                                     1806       2       2       0   .abs_section_1806
     _SRTISC                                   1808       1       1       0   .abs_section_1808
     _SPMSC1                                   1809       1       1       0   .abs_section_1809
     _SPMSC2                                   180A       1       1       0   .abs_section_180a
     _SPMSC3                                   180C       1       1       0   .abs_section_180c
     _DBGCA                                    1810       2       2       0   .abs_section_1810
     _DBGCB                                    1812       2       2       0   .abs_section_1812
     _DBGF                                     1814       2       2       0   .abs_section_1814
     _DBGC                                     1816       1       1       0   .abs_section_1816
     _DBGT                                     1817       1       1       0   .abs_section_1817
     _DBGS                                     1818       1       1       0   .abs_section_1818
     _FCDIV                                    1820       1       1       0   .abs_section_1820
     _FOPT                                     1821       1       1       0   .abs_section_1821
     _FCNFG                                    1823       1       1       0   .abs_section_1823
     _FPROT                                    1824       1       1       0   .abs_section_1824
     _FSTAT                                    1825       1       1       0   .abs_section_1825
     _FCMD                                     1826       1       1       0   .abs_section_1826
     _PTAPE                                    1840       1       1       6   .abs_section_1840
     _PTASE                                    1841       1       1       0   .abs_section_1841
     _PTADS                                    1842       1       1       0   .abs_section_1842
     _PTBPE                                    1844       1       1      18   .abs_section_1844
     _PTBSE                                    1845       1       1       0   .abs_section_1845
     _PTBDS                                    1846       1       1       0   .abs_section_1846
     loadByte                                  E000       E      14       5   .init       
     Init                                      E00E      6D     109       1   .init       
     _Startup                                  E07B       9       9       0   .init       
     STRING.Display.test..pohodl.1             E092      33      51       1   .rodata1    
     test_display_hello_init                   E0C5      3D      61       1   .text       
     test_display_hello_run                    E102      3B      59       1   .text       
     displayBackLightOn                        E13D      10      16       1   .text       
     displayPrepareBusForWrite                 E14D      5C      92       7   .text       
     displayToggleEnable                       E1A9      1E      30      14   .text       
     displayClear                              E1C7      11      17       2   .text       
     displayOnOffControl                       E1D8      3A      58       2   .text       
     displayOrCursorShift                      E212      2E      46       1   .text       
     displayFunctionSet                        E240      19      25       1   .text       
     displayEntryModeSet                       E259      2F      47       1   .text       
     displayWriteDataRam                       E288      36      54       1   .text       
     displayReadBusyAndAddress                 E2BE      C2     194       1   .text       
     displayWaitTillNotBusy                    E380      1D      29       9   .text       
     displayWrite                              E39D      1D      29       1   .text       
     displayFirstStart                         E3BA      8B     139       1   .text       
     displayInit                               E445      4F      79       1   .text       
     main                                      E494       C      12       1   .text       
     wait500ns                                 E4A0       3       3       5   .text       
     waitX100us                                E4A3      76     118       4   .text       
     timerIsrCallback                          E519      2F      47       1   .text       
     timerInit                                 E548      3C      60       1   .text       
     boolToByte                                E584       A      10       2   .text       
     ioConfigure                               E58E     1C0     448      20   .text       
     ioConfigurePortB                          E74E      18      24       1   .text       
     ioWrite                                   E766      CA     202      26   .text       
     ioWritePortB                              E830       3       3       2   .text       
     ioRead                                    E833      AD     173       1   .text       
     ioReadPortB                               E8E0       3       3       4   .text       
     isr_keyboardInterrupt                     E8E3       E      14       1   .text       
     pwmConfigureTimer                         E8F1      26      38       1   .text       
     pwmConfigureChannel                       E917       E      14       1   .text       
     pwmReadTimer                              E925       3       3       2   .text       
     pwmReadModulo                             E928       3       3       1   .text       
     pwmWriteModulo                            E92B       3       3       1   .text       
     pwmWriteChannel                           E92E       3       3       1   .text       
     pwmInstallTimerIsrCallback                E931       F      15       1   .text       
     isr_timerOverflow                         E940      10      16       1   .text       
     _IDIVMOD                                  E950      69     105       1   .text       
     _IMUL_STAR08                              E9B9      27      39       1   .text       
     _IDIVU_STAR08                             E9E0       D      13       1   .text       
     _COPY                                     E9ED      30      48       3   .text       
     _Vector_18                                FFDA       2       2       0   .abs_section_ffda
     _Vector_7                                 FFF0       2       2       0   .abs_section_fff0

*********************************************************************************************
UNUSED-OBJECTS SECTION
---------------------------------------------------------------------------------------------
NOT USED PROCEDURES
display_c.obj:
  displayReturnHome 
timer_c.obj:
  timerRestart timerElapsed 
kbi_c.obj:
  kbiConfigure installIsr kbiDisable 
pwm_c.obj:
  pwmSetOverflowInterruptEnable pwmClearTimer 
rtshc08.o (ansiis.lib):
  _PUSH_ARGS_L _PUSH_ARGS_D _ENTER_UNARY_L _ENTER_UNARY_L64 _ENTER_UNARY_L64_4 
  _ENTER_BINARY_L _ENTER_BINARY_L_RC _ENTER_BINARY_L_LC _ENTER_BINARY_L64 
  _ENTER_BINARY_L64_LC _ENTER_BINARY_L64_RC _SPLITSIGN _LADD_k_is_k_plus_j 
  _k_is_k_plus_j_l _k_is_k_plus_j_i _LSUB_k_is_k_minus_j _LAND_k_is_k_and_j 
  _LOR_k_is_k_or_j _LXOR_k_is_k_xor_j _LMUL_k_is_k_mul_j _LDIVMOD _NEG_L_HX 
  _ABS_L_HX _SPLITSIGN_L _LMODU_k_is_k_mod_j _LDIVU_k_is_k_div_j 
  _LMODS_k_is_k_mod_j _LDIVS_k_is_k_div_j _LCMP_k_rel_j _CMP24_k_rel_j _BMULS 
  _BDIVS _BMODS _IDIVS_STAR08 _IMODS_STAR08 _IMODU_STAR08 _IDIVU_8 _IMODU_8 
  _IASR _ILSR _ILSL _ICMP _LINC _LDEC _LNEG _LNOT _LADD _LADD_RC _LSUB _LSUB_LC 
  _LSUB_RC _LAND _LAND_RC _LOR _LOR_RC _LXOR _LXOR_RC _LMUL _LMUL_RC _LDIVS 
  _LDIVS_LC _LDIVS_RC _LDIVU _LDIVU_LC _LDIVU_RC _LMODS _LMODS_LC _LMODS_RC 
  _LMODU _LMODU_LC _LMODU_RC _LASR _LLSR _LLSL _LCMP _LCMP_RC _PUSH_ARGS_24 
  _ENTER_BINARY_24_RC _ENTER_BINARY_24 _CMP24 _CMP24_RC _COPY_L _POP32 _POP64 
  _STORE32 _STORE64 _SEXT8_32 _SEXT16_32 _CALL_STAR08 _CALL_STAR08_FAR 
  _Jump_Table_Addr _Jump_Table_Offset _Jump_Table_Header_Addr 
  _Jump_Table_Header_Offset _Search_Table_16_Addr _Search_Table_16_Offset 
  _Search_Table_8_Addr _Search_Table_8_Offset _PUSH_CC _POP_CC 
  _CONV_FAR_TO_NEAR _CONV_FAR_TO_LINEAR _CONV_LINEAR_TO_FAR 
NOT USED VARIABLES
display_c.obj:
  cMask_Backligh 
timer_c.obj:
  cPwmModulo_200us c100us cNumOfOvrflwsIn1ms 
io_c.obj:
  cMaxByte 
kbi_c.obj:
  cKbiIn2PinEnableMask cKbiIn2EdgeSelectMask cKbiIn2PinIdx 
rtshc08.o (ansiis.lib):
  _PowOfTwo_8 _PowOfTwo_16 _PowOfTwo_32 errno 

*********************************************************************************************
COPYDOWN SECTION
---------------------------------------------------------------------------------------------
------- ROM-ADDRESS: 0xEA1D ---- SIZE       2 ---
Filling bytes inserted
 0000

*********************************************************************************************
OBJECT-DEPENDENCIES SECTION
---------------------------------------------------------------------------------------------
Init                      USES _startupData loadByte 
_Startup                  USES __SEG_END_SSTACK Init main 
test_display_hello_init   USES timerInit displayInit displayBackLightOn _COPY 
                                displayOnOffControl displayWaitTillNotBusy displayClear 
                                STRING.Display.test..pohodl.1 displayWrite 
test_display_hello_run    USES waitX100us cntr.2 displayOrCursorShift 
                                displayWaitTillNotBusy 
displayBackLightOn        USES ioWrite 
displayPrepareBusForWrite USES bDataBusConfiguredAsOutput ioConfigure 
                                ioReadPortB ioWritePortB 
displayToggleEnable       USES ioWrite wait500ns 
displayClear              USES displayPrepareBusForWrite displayToggleEnable 
                                ioWrite 
displayOnOffControl       USES displayPrepareBusForWrite displayToggleEnable 
                                ioWrite 
displayOrCursorShift      USES displayPrepareBusForWrite ioWrite 
                                displayToggleEnable 
displayFunctionSet        USES displayPrepareBusForWrite ioWrite 
                                displayToggleEnable 
displayEntryModeSet       USES displayPrepareBusForWrite ioWrite 
                                displayToggleEnable 
displayWriteDataRam       USES displayPrepareBusForWrite ioWrite ioReadPortB 
                                ioWritePortB displayToggleEnable 
displayReadBusyAndAddress USES bDataBusConfiguredAsOutput ioConfigure ioWrite 
                                ioRead ioReadPortB wait500ns 
displayWaitTillNotBusy    USES displayReadBusyAndAddress 
displayWrite              USES displayWriteDataRam displayWaitTillNotBusy 
displayFirstStart         USES waitX100us displayPrepareBusForWrite 
                                displayToggleEnable ioWrite displayWaitTillNotBusy 
                                displayFunctionSet _COPY displayOnOffControl displayClear 
                                displayEntryModeSet 
displayInit               USES pwmReadModulo _IDIVU_STAR08 _IMUL_STAR08 
                                ioConfigurePortB bDataBusConfiguredAsOutput pwmConfigureChannel 
                                pwmWriteChannel displayFirstStart 
main                      USES test_display_hello_init test_display_hello_run 
                                _SRS 
waitX100us                USES pwmReadTimer 
timerIsrCallback          USES timer 
timerInit                 USES timer pwmWriteModulo _COPY pwmConfigureTimer 
                                timerIsrCallback pwmInstallTimerIsrCallback 
ioConfigure               USES ioConfigure _PTADD _PTAPE _PTBDD _PTBPE 
                                boolToByte 
ioConfigurePortB          USES _PTBDD _PTBPE 
ioWrite                   USES ioWrite _PTAD _PTBD boolToByte 
ioWritePortB              USES _PTBD 
ioRead                    USES _PTAD _PTBD 
ioReadPortB               USES _PTBD 
isr_keyboardInterrupt     USES bIsrClbckInstalled pIsrClbck _KBISC 
pwmConfigureTimer         USES _TPMSC 
pwmConfigureChannel       USES _TPMC0SC 
pwmReadTimer              USES _TPMCNT 
pwmReadModulo             USES _TPMMOD 
pwmWriteModulo            USES _TPMMOD 
pwmWriteChannel           USES _TPMC0V 
pwmInstallTimerIsrCallback USES pIsrClbck bIsrClbckInstalled 
isr_timerOverflow         USES bIsrClbckInstalled pIsrClbck _TPMSC 
_IDIVU_STAR08             USES _IDIVMOD 
_Vector_18                USES isr_keyboardInterrupt 
_Vector_7                 USES isr_timerOverflow 

*********************************************************************************************
DEPENDENCY TREE
*********************************************************************************************
 main and _Startup Group
 | 
 +- main                
 |  | 
 |  +- test_display_hello_init
 |  |  | 
 |  |  +- timerInit           
 |  |  |  | 
 |  |  |  +- pwmWriteModulo      
 |  |  |  |    
 |  |  |  +- _COPY               
 |  |  |  |    
 |  |  |  +- pwmConfigureTimer   
 |  |  |  |    
 |  |  |  +- timerIsrCallback    
 |  |  |  |    
 |  |  |  +- pwmInstallTimerIsrCallback
 |  |  |       
 |  |  +- displayInit         
 |  |  |  | 
 |  |  |  +- pwmReadModulo       
 |  |  |  |    
 |  |  |  +- _IDIVU_STAR08       
 |  |  |  |  | 
 |  |  |  |  +- _IDIVMOD            
 |  |  |  |       
 |  |  |  +- _IMUL_STAR08        
 |  |  |  |    
 |  |  |  +- ioConfigurePortB    
 |  |  |  |    
 |  |  |  +- pwmConfigureChannel 
 |  |  |  |    
 |  |  |  +- pwmWriteChannel     
 |  |  |  |    
 |  |  |  +- displayFirstStart   
 |  |  |     | 
 |  |  |     +- waitX100us          
 |  |  |     |  | 
 |  |  |     |  +- pwmReadTimer        
 |  |  |     |       
 |  |  |     +- displayPrepareBusForWrite
 |  |  |     |  | 
 |  |  |     |  +- ioConfigure         
 |  |  |     |  |  | 
 |  |  |     |  |  +- boolToByte          
 |  |  |     |  |       
 |  |  |     |  +- ioReadPortB         
 |  |  |     |  |    
 |  |  |     |  +- ioWritePortB        
 |  |  |     |       
 |  |  |     +- displayToggleEnable 
 |  |  |     |  | 
 |  |  |     |  +- ioWrite             
 |  |  |     |  |  | 
 |  |  |     |  |  +- boolToByte           (see above)
 |  |  |     |  |     
 |  |  |     |  +- wait500ns           
 |  |  |     |       
 |  |  |     +- ioWrite              (see above)
 |  |  |     |  
 |  |  |     +- displayWaitTillNotBusy
 |  |  |     |  | 
 |  |  |     |  +- displayReadBusyAndAddress
 |  |  |     |     | 
 |  |  |     |     +- ioConfigure          (see above)
 |  |  |     |     |  
 |  |  |     |     +- ioWrite              (see above)
 |  |  |     |     |  
 |  |  |     |     +- ioRead              
 |  |  |     |     |    
 |  |  |     |     +- ioReadPortB          (see above)
 |  |  |     |     |  
 |  |  |     |     +- wait500ns            (see above)
 |  |  |     |        
 |  |  |     +- displayFunctionSet  
 |  |  |     |  | 
 |  |  |     |  +- displayPrepareBusForWrite (see above)
 |  |  |     |  |  
 |  |  |     |  +- ioWrite              (see above)
 |  |  |     |  |  
 |  |  |     |  +- displayToggleEnable  (see above)
 |  |  |     |     
 |  |  |     +- _COPY                (see above)
 |  |  |     |  
 |  |  |     +- displayOnOffControl 
 |  |  |     |  | 
 |  |  |     |  +- displayPrepareBusForWrite (see above)
 |  |  |     |  |  
 |  |  |     |  +- displayToggleEnable  (see above)
 |  |  |     |  |  
 |  |  |     |  +- ioWrite              (see above)
 |  |  |     |     
 |  |  |     +- displayClear        
 |  |  |     |  | 
 |  |  |     |  +- displayPrepareBusForWrite (see above)
 |  |  |     |  |  
 |  |  |     |  +- displayToggleEnable  (see above)
 |  |  |     |  |  
 |  |  |     |  +- ioWrite              (see above)
 |  |  |     |     
 |  |  |     +- displayEntryModeSet 
 |  |  |        | 
 |  |  |        +- displayPrepareBusForWrite (see above)
 |  |  |        |  
 |  |  |        +- ioWrite              (see above)
 |  |  |        |  
 |  |  |        +- displayToggleEnable  (see above)
 |  |  |           
 |  |  +- displayBackLightOn  
 |  |  |  | 
 |  |  |  +- ioWrite              (see above)
 |  |  |     
 |  |  +- _COPY                (see above)
 |  |  |  
 |  |  +- displayOnOffControl  (see above)
 |  |  |  
 |  |  +- displayWaitTillNotBusy (see above)
 |  |  |  
 |  |  +- displayClear         (see above)
 |  |  |  
 |  |  +- displayWrite        
 |  |     | 
 |  |     +- displayWriteDataRam 
 |  |     |  | 
 |  |     |  +- displayPrepareBusForWrite (see above)
 |  |     |  |  
 |  |     |  +- ioWrite              (see above)
 |  |     |  |  
 |  |     |  +- ioReadPortB          (see above)
 |  |     |  |  
 |  |     |  +- ioWritePortB         (see above)
 |  |     |  |  
 |  |     |  +- displayToggleEnable  (see above)
 |  |     |     
 |  |     +- displayWaitTillNotBusy (see above)
 |  |        
 |  +- test_display_hello_run
 |     | 
 |     +- waitX100us           (see above)
 |     |  
 |     +- displayOrCursorShift
 |     |  | 
 |     |  +- displayPrepareBusForWrite (see above)
 |     |  |  
 |     |  +- ioWrite              (see above)
 |     |  |  
 |     |  +- displayToggleEnable  (see above)
 |     |     
 |     +- displayWaitTillNotBusy (see above)
 |        
 +- _Startup            
    | 
    +- Init                
    |  | 
    |  +- loadByte            
    |       
    +- main                 (see above)
       
 _Vector_18          
 | 
 +- isr_keyboardInterrupt
      
 _Vector_7           
 | 
 +- isr_timerOverflow   
      
*********************************************************************************************
STATISTIC SECTION
---------------------------------------------------------------------------------------------

ExeFile:
--------
Number of blocks to be downloaded: 6
Total size of all blocks to be downloaded: 2597

